 ⚠ Warning: Next.js inferred your workspace root, but it may not be correct.
 We detected multiple lockfiles and selected the directory of C:\AI_DOMAIN\EXP-TRACKER\package-lock.json as the root directory.
 To silence this warning, set `outputFileTracingRoot` in your Next.js config, or consider removing one of the lockfiles if it's not needed.
   See https://nextjs.org/docs/app/api-reference/config/next-config-js/output#caveats for more information.
 Detected additional lockfiles: 
   * C:\AI_DOMAIN\EXP-TRACKER\EXP-TRACKER\frontend\package-lock.json

 ⨯ Error: Could not find the module "C:\AI_DOMAIN\EXP-TRACKER\EXP-TRACKER\frontend\node_modules\next\dist\next-devtools\userspace\app\segment-explorer-node.js#SegmentViewNode" in the React Client Manifest. This is probably a bug in the React Server Components bundler.
    at stringify (<anonymous>) {
  digest: '1238548068'
}
 ⨯ Error: Could not find the module "C:\AI_DOMAIN\EXP-TRACKER\EXP-TRACKER\frontend\node_modules\next\dist\next-devtools\userspace\app\segment-explorer-node.js#SegmentViewNode" in the React Client Manifest. This is probably a bug in the React Server Components bundler.
    at stringify (<anonymous>)
    at stringify (<anonymous>) {
  digest: '607440939'
}
 ⨯ Error: Could not find the module "C:\AI_DOMAIN\EXP-TRACKER\EXP-TRACKER\frontend\node_modules\next\dist\next-devtools\userspace\app\segment-explorer-node.js#SegmentViewNode" in the React Client Manifest. This is probably a bug in the React Server Components bundler.
    at stringify (<anonymous>)
    at stringify (<anonymous>) {
  digest: '607440939'
}
 ⨯ Error: Could not find the module "C:\AI_DOMAIN\EXP-TRACKER\EXP-TRACKER\frontend\node_modules\next\dist\next-devtools\userspace\app\segment-explorer-node.js#SegmentViewNode" in the React Client Manifest. This is probably a bug in the React Server Components bundler.
    at stringify (<anonymous>)
    at stringify (<anonymous>) {
  digest: '607440939'
}
 ⨯ Error: Could not find the module "C:\AI_DOMAIN\EXP-TRACKER\EXP-TRACKER\frontend\node_modules\next\dist\next-devtools\userspace\app\segment-explorer-node.js#SegmentViewNode" in the React Client Manifest. This is probably a bug in the React Server Components bundler.
    at stringify (<anonymous>) {
  digest: '1238548068'
}
 ⨯ Error: Could not find the module "C:\AI_DOMAIN\EXP-TRACKER\EXP-TRACKER\frontend\node_modules\next\dist\next-devtools\userspace\app\segment-explorer-node.js#SegmentViewNode" in the React Client Manifest. This is probably a bug in the React Server Components bundler.
    at stringify (<anonymous>) {
  digest: '1238548068'
}
 ⨯ [TypeError: __webpack_modules__[moduleId] is not a function] {
  digest: '3499620262'
}
 ⨯ Error: Could not find the module "C:\AI_DOMAIN\EXP-TRACKER\EXP-TRACKER\frontend\node_modules\next\dist\next-devtools\userspace\app\segment-explorer-node.js#SegmentViewNode" in the React Client Manifest. This is probably a bug in the React Server Components bundler.
    at stringify (<anonymous>) {
  digest: '1238548068'
}
[TypeError: __webpack_modules__[moduleId] is not a function]
 ⨯ [TypeError: __webpack_modules__[moduleId] is not a function]
 ⨯ [TypeError: __webpack_modules__[moduleId] is not a function] {
  page: '/'
}
 ⨯ Error: Cannot find module './833.js'
Require stack:
- C:\AI_DOMAIN\EXP-TRACKER\EXP-TRACKER\frontend\.next\server\webpack-runtime.js
- C:\AI_DOMAIN\EXP-TRACKER\EXP-TRACKER\frontend\.next\server\pages\_document.js
- C:\AI_DOMAIN\EXP-TRACKER\EXP-TRACKER\frontend\node_modules\next\dist\server\require.js
- C:\AI_DOMAIN\EXP-TRACKER\EXP-TRACKER\frontend\node_modules\next\dist\server\load-components.js
- C:\AI_DOMAIN\EXP-TRACKER\EXP-TRACKER\frontend\node_modules\next\dist\build\utils.js
- C:\AI_DOMAIN\EXP-TRACKER\EXP-TRACKER\frontend\node_modules\next\dist\build\swc\options.js
- C:\AI_DOMAIN\EXP-TRACKER\EXP-TRACKER\frontend\node_modules\next\dist\build\swc\index.js
- C:\AI_DOMAIN\EXP-TRACKER\EXP-TRACKER\frontend\node_modules\next\dist\build\analysis\parse-module.js
- C:\AI_DOMAIN\EXP-TRACKER\EXP-TRACKER\frontend\node_modules\next\dist\build\analysis\get-page-static-info.js
- C:\AI_DOMAIN\EXP-TRACKER\EXP-TRACKER\frontend\node_modules\next\dist\server\lib\router-utils\setup-dev-bundler.js
- C:\AI_DOMAIN\EXP-TRACKER\EXP-TRACKER\frontend\node_modules\next\dist\server\lib\router-server.js
- C:\AI_DOMAIN\EXP-TRACKER\EXP-TRACKER\frontend\node_modules\next\dist\server\lib\start-server.js
    at <unknown> (C:\AI_DOMAIN\EXP-TRACKER\EXP-TRACKER\frontend\.next\server\app\page.js:2:16235)
    at Object.<anonymous> (C:\AI_DOMAIN\EXP-TRACKER\EXP-TRACKER\frontend\.next\server\app\page.js:2:16280) {
  code: 'MODULE_NOT_FOUND',
  requireStack: [Array],
  page: '/'
}
 ⨯ Error: Cannot find module './833.js'
Require stack:
- C:\AI_DOMAIN\EXP-TRACKER\EXP-TRACKER\frontend\.next\server\webpack-runtime.js
- C:\AI_DOMAIN\EXP-TRACKER\EXP-TRACKER\frontend\.next\server\app\page.js
- C:\AI_DOMAIN\EXP-TRACKER\EXP-TRACKER\frontend\node_modules\next\dist\server\require.js
- C:\AI_DOMAIN\EXP-TRACKER\EXP-TRACKER\frontend\node_modules\next\dist\server\load-components.js
- C:\AI_DOMAIN\EXP-TRACKER\EXP-TRACKER\frontend\node_modules\next\dist\build\utils.js
- C:\AI_DOMAIN\EXP-TRACKER\EXP-TRACKER\frontend\node_modules\next\dist\build\swc\options.js
- C:\AI_DOMAIN\EXP-TRACKER\EXP-TRACKER\frontend\node_modules\next\dist\build\swc\index.js
- C:\AI_DOMAIN\EXP-TRACKER\EXP-TRACKER\frontend\node_modules\next\dist\build\analysis\parse-module.js
- C:\AI_DOMAIN\EXP-TRACKER\EXP-TRACKER\frontend\node_modules\next\dist\build\analysis\get-page-static-info.js
- C:\AI_DOMAIN\EXP-TRACKER\EXP-TRACKER\frontend\node_modules\next\dist\server\lib\router-utils\setup-dev-bundler.js
- C:\AI_DOMAIN\EXP-TRACKER\EXP-TRACKER\frontend\node_modules\next\dist\server\lib\router-server.js
- C:\AI_DOMAIN\EXP-TRACKER\EXP-TRACKER\frontend\node_modules\next\dist\server\lib\start-server.js
    at <unknown> (C:\AI_DOMAIN\EXP-TRACKER\EXP-TRACKER\frontend\.next\server\app\page.js:2:16235)
    at Object.<anonymous> (C:\AI_DOMAIN\EXP-TRACKER\EXP-TRACKER\frontend\.next\server\app\page.js:2:16280) {
  code: 'MODULE_NOT_FOUND',
  requireStack: [Array],
  page: '/'
}
 ⨯ Error: Cannot find module './833.js'
Require stack:
- C:\AI_DOMAIN\EXP-TRACKER\EXP-TRACKER\frontend\.next\server\webpack-runtime.js
- C:\AI_DOMAIN\EXP-TRACKER\EXP-TRACKER\frontend\.next\server\app\page.js
- C:\AI_DOMAIN\EXP-TRACKER\EXP-TRACKER\frontend\node_modules\next\dist\server\require.js
- C:\AI_DOMAIN\EXP-TRACKER\EXP-TRACKER\frontend\node_modules\next\dist\server\load-components.js
- C:\AI_DOMAIN\EXP-TRACKER\EXP-TRACKER\frontend\node_modules\next\dist\build\utils.js
- C:\AI_DOMAIN\EXP-TRACKER\EXP-TRACKER\frontend\node_modules\next\dist\build\swc\options.js
- C:\AI_DOMAIN\EXP-TRACKER\EXP-TRACKER\frontend\node_modules\next\dist\build\swc\index.js
- C:\AI_DOMAIN\EXP-TRACKER\EXP-TRACKER\frontend\node_modules\next\dist\build\analysis\parse-module.js
- C:\AI_DOMAIN\EXP-TRACKER\EXP-TRACKER\frontend\node_modules\next\dist\build\analysis\get-page-static-info.js
- C:\AI_DOMAIN\EXP-TRACKER\EXP-TRACKER\frontend\node_modules\next\dist\server\lib\router-utils\setup-dev-bundler.js
- C:\AI_DOMAIN\EXP-TRACKER\EXP-TRACKER\frontend\node_modules\next\dist\server\lib\router-server.js
- C:\AI_DOMAIN\EXP-TRACKER\EXP-TRACKER\frontend\node_modules\next\dist\server\lib\start-server.js
    at <unknown> (C:\AI_DOMAIN\EXP-TRACKER\EXP-TRACKER\frontend\.next\server\app\page.js:2:16235)
    at Object.<anonymous> (C:\AI_DOMAIN\EXP-TRACKER\EXP-TRACKER\frontend\.next\server\app\page.js:2:16280) {
  code: 'MODULE_NOT_FOUND',
  requireStack: [Array],
  page: '/'
}
 ⨯ ./node_modules/next/dist/server/app-render/action-utils.js
Error: ENOENT: no such file or directory, open 'C:\AI_DOMAIN\EXP-TRACKER\EXP-TRACKER\frontend\node_modules\next\dist\server\app-render\action-utils.js'

Import trace for requested module:
./node_modules/next/dist/server/app-render/action-utils.js
 ⨯ [Error: Cannot find module 'C:\AI_DOMAIN\EXP-TRACKER\EXP-TRACKER\frontend\node_modules\@swc\helpers\cjs\_interop_require_default.cjs'] {
  code: 'MODULE_NOT_FOUND',
  path: 'C:\\AI_DOMAIN\\EXP-TRACKER\\EXP-TRACKER\\frontend\\node_modules\\@swc\\helpers'
}
[Error: Cannot find module 'C:\AI_DOMAIN\EXP-TRACKER\EXP-TRACKER\frontend\node_modules\@swc\helpers\cjs\_interop_require_default.cjs'] {
  code: 'MODULE_NOT_FOUND',
  path: 'C:\\AI_DOMAIN\\EXP-TRACKER\\EXP-TRACKER\\frontend\\node_modules\\@swc\\helpers'
}
[Error: Cannot find module 'C:\AI_DOMAIN\EXP-TRACKER\EXP-TRACKER\frontend\node_modules\@swc\helpers\cjs\_interop_require_default.cjs'] {
  code: 'MODULE_NOT_FOUND',
  path: 'C:\\AI_DOMAIN\\EXP-TRACKER\\EXP-TRACKER\\frontend\\node_modules\\@swc\\helpers'
}
 ⨯ Module not found: Error: Can't resolve 'next-client-pages-loader' in 'C:\AI_DOMAIN\EXP-TRACKER\EXP-TRACKER\frontend'
 ⨯ Module not found: Error: Can't resolve 'next-client-pages-loader' in 'C:\AI_DOMAIN\EXP-TRACKER\EXP-TRACKER\frontend'
 ⨯ Module not found: Error: Can't resolve 'next-client-pages-loader' in 'C:\AI_DOMAIN\EXP-TRACKER\EXP-TRACKER\frontend'
 ⨯ ./node_modules/next/dist/server/app-render/action-utils.js
Error: ENOENT: no such file or directory, open 'C:\AI_DOMAIN\EXP-TRACKER\EXP-TRACKER\frontend\node_modules\next\dist\server\app-render\action-utils.js'

Import trace for requested module:
./node_modules/next/dist/server/app-render/action-utils.js
 ⚠ Found a change in next.config.mjs. Restarting the server to apply the changes...
⚠ Found a change in next.config.mjs. Restarting the server to apply the changes...
⨯ Error: ENOENT: no such file or directory, open 'C:\AI_DOMAIN\EXP-TRACKER\EXP-TRACKER\frontend\.next\dev\required-server-files.json'
    at ignore-listed frames {
  errno: -4058,
  code: 'ENOENT',
  syscall: 'open',
  path: 'C:\\AI_DOMAIN\\EXP-TRACKER\\EXP-TRACKER\\frontend\\.next\\dev\\required-server-files.json',
  page: '/'
}
⨯ Error: ENOENT: no such file or directory, open 'C:\AI_DOMAIN\EXP-TRACKER\EXP-TRACKER\frontend\.next\dev\required-server-files.json'
    at ignore-listed frames {
  errno: -4058,
  code: 'ENOENT',
  syscall: 'open',
  path: 'C:\\AI_DOMAIN\\EXP-TRACKER\\EXP-TRACKER\\frontend\\.next\\dev\\required-server-files.json'
}
Error: ENOENT: no such file or directory, open 'C:\AI_DOMAIN\EXP-TRACKER\EXP-TRACKER\frontend\.next\dev\required-server-files.json'
    at ignore-listed frames {
  errno: -4058,
  code: 'ENOENT',
  syscall: 'open',
  path: 'C:\\AI_DOMAIN\\EXP-TRACKER\\EXP-TRACKER\\frontend\\.next\\dev\\required-server-files.json',
  page: '/'
}
⨯ Error: ENOENT: no such file or directory, open 'C:\AI_DOMAIN\EXP-TRACKER\EXP-TRACKER\frontend\.next\dev\required-server-files.json'
    at ignore-listed frames {
  errno: -4058,
  code: 'ENOENT',
  syscall: 'open',
  path: 'C:\\AI_DOMAIN\\EXP-TRACKER\\EXP-TRACKER\\frontend\\.next\\dev\\required-server-files.json'
}
Error: ENOENT: no such file or directory, open 'C:\AI_DOMAIN\EXP-TRACKER\EXP-TRACKER\frontend\.next\dev\required-server-files.json'
    at ignore-listed frames {
  errno: -4058,
  code: 'ENOENT',
  syscall: 'open',
  path: 'C:\\AI_DOMAIN\\EXP-TRACKER\\EXP-TRACKER\\frontend\\.next\\dev\\required-server-files.json'
}
⨯ Error: ENOENT: no such file or directory, open 'C:\AI_DOMAIN\EXP-TRACKER\EXP-TRACKER\frontend\.next\dev\required-server-files.json'
    at ignore-listed frames {
  errno: -4058,
  code: 'ENOENT',
  syscall: 'open',
  path: 'C:\\AI_DOMAIN\\EXP-TRACKER\\EXP-TRACKER\\frontend\\.next\\dev\\required-server-files.json',
  page: '/'
}
⨯ Error: ENOENT: no such file or directory, open 'C:\AI_DOMAIN\EXP-TRACKER\EXP-TRACKER\frontend\.next\dev\required-server-files.json'
    at ignore-listed frames {
  errno: -4058,
  code: 'ENOENT',
  syscall: 'open',
  path: 'C:\\AI_DOMAIN\\EXP-TRACKER\\EXP-TRACKER\\frontend\\.next\\dev\\required-server-files.json'
}
Error: ENOENT: no such file or directory, open 'C:\AI_DOMAIN\EXP-TRACKER\EXP-TRACKER\frontend\.next\dev\required-server-files.json'
    at ignore-listed frames {
  errno: -4058,
  code: 'ENOENT',
  syscall: 'open',
  path: 'C:\\AI_DOMAIN\\EXP-TRACKER\\EXP-TRACKER\\frontend\\.next\\dev\\required-server-files.json',
  page: '/'
}
⨯ Error: ENOENT: no such file or directory, open 'C:\AI_DOMAIN\EXP-TRACKER\EXP-TRACKER\frontend\.next\dev\required-server-files.json'
    at ignore-listed frames {
  errno: -4058,
  code: 'ENOENT',
  syscall: 'open',
  path: 'C:\\AI_DOMAIN\\EXP-TRACKER\\EXP-TRACKER\\frontend\\.next\\dev\\required-server-files.json'
}
Error: ENOENT: no such file or directory, open 'C:\AI_DOMAIN\EXP-TRACKER\EXP-TRACKER\frontend\.next\dev\required-server-files.json'
    at ignore-listed frames {
  errno: -4058,
  code: 'ENOENT',
  syscall: 'open',
  path: 'C:\\AI_DOMAIN\\EXP-TRACKER\\EXP-TRACKER\\frontend\\.next\\dev\\required-server-files.json'
}
⨯ The directory at "C:\AI_DOMAIN\EXP-TRACKER\EXP-TRACKER\frontend\.next\dev" was deleted.

Deleting this directory while Next.js is running can lead to undefined behavior. Restarting the server to recover...
